2025-03-19 10:36:25,183 - INFO - Working directory set to: C:\Users\sarojd\Cursor\vetApp
2025-03-19 10:36:25,184 - INFO - Using port: 8000
2025-03-19 10:36:25,185 - INFO - Starting FastAPI server
2025-03-19 10:36:27,509 - INFO - Opened web browser to http://localhost:8000
2025-03-19 10:44:43,762 - INFO - Working directory set to: C:\Users\sarojd\Cursor\vetApp
2025-03-19 10:44:43,763 - INFO - Using port: 8000
2025-03-19 10:44:43,764 - INFO - Starting FastAPI server
2025-03-19 10:44:46,055 - INFO - Opened web browser to http://localhost:8000
2025-03-22 08:30:18,446 - INFO - Working directory set to: C:\Users\sarojd\Cursor\vetApp
2025-03-22 08:30:18,446 - INFO - Using port: 8000
2025-03-22 08:30:18,448 - INFO - Starting FastAPI server
2025-03-22 08:30:20,741 - INFO - Opened web browser to http://localhost:8000
2025-03-22 08:35:01,443 - INFO - Working directory set to: C:\Users\sarojd\Cursor\vetApp
2025-03-22 08:35:01,444 - INFO - Using port: 8000
2025-03-22 08:35:01,445 - INFO - Starting FastAPI server
2025-03-22 08:35:03,758 - INFO - Opened web browser to http://localhost:8000
2025-03-22 08:35:52,829 - INFO - Working directory set to: C:\Users\sarojd\Cursor\vetApp
2025-03-22 08:35:52,830 - INFO - Using port: 8000
2025-03-22 08:35:52,832 - INFO - Starting FastAPI server
2025-03-22 08:35:55,114 - INFO - Opened web browser to http://localhost:8000
2025-03-22 08:36:50,516 - INFO - Working directory set to: C:\Users\sarojd\Cursor\vetApp
2025-03-22 08:36:50,517 - INFO - Using port: 8000
2025-03-22 08:36:50,519 - INFO - Starting FastAPI server
2025-03-22 08:36:52,833 - INFO - Opened web browser to http://localhost:8000
2025-03-22 08:38:20,184 - INFO - Working directory set to: C:\Users\sarojd\Cursor\vetApp
2025-03-22 08:38:20,185 - INFO - Using port: 8000
2025-03-22 08:38:20,188 - INFO - Starting FastAPI server
2025-03-22 08:38:22,531 - INFO - Opened web browser to http://localhost:8000
2025-03-22 08:40:20,365 - INFO - Working directory set to: C:\Users\sarojd\Cursor\vetApp
2025-03-22 08:40:20,366 - INFO - Using port: 8000
2025-03-22 08:40:20,367 - INFO - Starting FastAPI server
2025-03-22 08:40:22,720 - INFO - Opened web browser to http://localhost:8000
2025-03-22 08:43:01,548 - INFO - Working directory set to: C:\Users\sarojd\Cursor\vetApp
2025-03-22 08:43:01,549 - INFO - Using port: 8000
2025-03-22 08:43:01,551 - INFO - Starting FastAPI server
2025-03-22 08:43:03,848 - INFO - Opened web browser to http://localhost:8000
2025-03-22 08:43:58,328 - INFO - Working directory set to: c:\Users\sarojd\Cursor\vetApp
2025-03-22 08:43:58,329 - INFO - Using port: 8000
2025-03-22 08:43:58,331 - INFO - Starting FastAPI server
2025-03-22 08:44:00,635 - INFO - Opened web browser to http://localhost:8000
